0 verbose cli F:\develop\front_env\nodejs\node.exe E:\Tools\NodeJs\Workspace\node_global\node_modules\npm\bin\npm-cli.js
1 info using npm@8.15.0
2 info using node@v22.0.0
3 timing npm:load:whichnode Completed in 1ms
4 timing config:load:defaults Completed in 2ms
5 timing config:load:file:E:\Tools\NodeJs\Workspace\node_global\node_modules\npm\npmrc Completed in 6ms
6 timing config:load:builtin Completed in 6ms
7 timing config:load:cli Completed in 3ms
8 timing config:load:env Completed in 1ms
9 timing config:load:file:C:\Users\1\Desktop\go_code\llmux\ui\.npmrc Completed in 0ms
10 timing config:load:project Completed in 3ms
11 timing config:load:file:C:\Users\1\.npmrc Completed in 1ms
12 timing config:load:user Completed in 1ms
13 timing config:load:file:E:\Tools\NodeJs\Workspace\node_global\etc\npmrc Completed in 0ms
14 timing config:load:global Completed in 0ms
15 timing config:load:validate Completed in 3ms
16 timing config:load:credentials Completed in 1ms
17 timing config:load:setEnvs Completed in 1ms
18 timing config:load Completed in 22ms
19 timing npm:load:configload Completed in 22ms
20 timing npm:load:mkdirpcache Completed in 2ms
21 timing npm:load:mkdirplogs Completed in 0ms
22 verbose title npm run dev
23 verbose argv "run" "dev"
24 timing npm:load:setTitle Completed in 0ms
25 timing config:load:flatten Completed in 2ms
26 timing npm:load:display Completed in 4ms
27 verbose logfile logs-max:10 dir:C:\Users\1\Desktop\go_code\llmux\ui\.npm-cache\_logs
28 verbose logfile C:\Users\1\Desktop\go_code\llmux\ui\.npm-cache\_logs\2026-04-15T15_51_32_847Z-debug-0.log
29 timing npm:load:logFile Completed in 6ms
30 timing npm:load:timers Completed in 0ms
31 timing npm:load:configScope Completed in 1ms
32 timing npm:load Completed in 37ms
33 silly logfile done cleaning log files
34 http fetch GET 200 https://registry.npmmirror.com/npm 787ms (cache miss)
35 timing command:run Completed in 52812100ms
36 notice
36 notice New major version of npm available! 8.15.0 -> 11.12.1
36 notice Changelog: <https://github.com/npm/cli/releases/tag/v11.12.1>
36 notice Run `npm install -g npm@11.12.1` to update!
36 notice
37 verbose exit 4294967295
38 timing npm Completed in 52812198ms
39 verbose code 4294967295
